---
source: trace_decoder/src/type1/witness.rs
expression: parsed
---
Witness {
    header: V1Header,
    instructions: NonEmpty {
        inner: [
            Leaf {
                key: NonEmpty {
                    inner: [
                        16,
                    ],
                },
                value: NonEmpty {
                    inner: [
                        49,
                        50,
                        51,
                        52,
                    ],
                },
            },
            Leaf {
                key: NonEmpty {
                    inner: [
                        16,
                    ],
                },
                value: NonEmpty {
                    inner: [
                        49,
                        50,
                        51,
                        52,
                    ],
                },
            },
            Branch {
                mask: 48,
            },
            Leaf {
                key: NonEmpty {
                    inner: [
                        3,
                        80,
                    ],
                },
                value: NonEmpty {
                    inner: [
                        49,
                        50,
                        51,
                        53,
                    ],
                },
            },
            Branch {
                mask: 24,
            },
            Extension {
                key: NonEmpty {
                    inner: [
                        0,
                        0,
                        0,
                        0,
                        0,
                        0,
                        0,
                        0,
                        0,
                        0,
                        0,
                        0,
                        0,
                        0,
                        0,
                        0,
                        0,
                        0,
                        0,
                        0,
                        0,
                        0,
                        0,
                        0,
                        0,
                        0,
                        0,
                        0,
                        0,
                        0,
                        0,
                        18,
                    ],
                },
            },
        ],
    },
}
