---
source: trace_decoder/src/lib.rs
expression: executed
---
NonEmpty {
    inner: [
        Extension(
            Extension {
                key: NonEmpty {
                    inner: [
                        0,
                        0,
                        0,
                        0,
                        0,
                        0,
                        0,
                        0,
                        0,
                        0,
                        0,
                        0,
                        0,
                        0,
                        0,
                        0,
                        0,
                        0,
                        0,
                        0,
                        0,
                        0,
                        0,
                        0,
                        0,
                        0,
                        0,
                        0,
                        0,
                        0,
                        0,
                        0,
                        0,
                        0,
                        0,
                        0,
                        0,
                        0,
                        0,
                        0,
                        0,
                        0,
                        0,
                        0,
                        0,
                        0,
                        0,
                        0,
                        0,
                        0,
                        0,
                        0,
                        0,
                        0,
                        0,
                        0,
                        0,
                        0,
                        0,
                        0,
                        1,
                        2,
                    ],
                },
                child: Branch(
                    Branch {
                        children: [
                            None,
                            None,
                            None,
                            Some(
                                Leaf(
                                    Leaf {
                                        key: NonEmpty {
                                            inner: [
                                                5,
                                            ],
                                        },
                                        value: Left(
                                            Value {
                                                raw_value: NonEmpty {
                                                    inner: [
                                                        49,
                                                        50,
                                                        51,
                                                        53,
                                                    ],
                                                },
                                            },
                                        ),
                                    },
                                ),
                            ),
                            Some(
                                Branch(
                                    Branch {
                                        children: [
                                            None,
                                            None,
                                            None,
                                            None,
                                            Some(
                                                Leaf(
                                                    Leaf {
                                                        key: NonEmpty {
                                                            inner: [
                                                                0,
                                                            ],
                                                        },
                                                        value: Left(
                                                            Value {
                                                                raw_value: NonEmpty {
                                                                    inner: [
                                                                        49,
                                                                        50,
                                                                        51,
                                                                        52,
                                                                    ],
                                                                },
                                                            },
                                                        ),
                                                    },
                                                ),
                                            ),
                                            Some(
                                                Leaf(
                                                    Leaf {
                                                        key: NonEmpty {
                                                            inner: [
                                                                0,
                                                            ],
                                                        },
                                                        value: Left(
                                                            Value {
                                                                raw_value: NonEmpty {
                                                                    inner: [
                                                                        49,
                                                                        50,
                                                                        51,
                                                                        52,
                                                                    ],
                                                                },
                                                            },
                                                        ),
                                                    },
                                                ),
                                            ),
                                            None,
                                            None,
                                            None,
                                            None,
                                            None,
                                            None,
                                            None,
                                            None,
                                            None,
                                            None,
                                        ],
                                    },
                                ),
                            ),
                            None,
                            None,
                            None,
                            None,
                            None,
                            None,
                            None,
                            None,
                            None,
                            None,
                            None,
                        ],
                    },
                ),
            },
        ),
    ],
}
