---
source: trace_decoder/src/winnow_witness.rs
expression: "witness::<winnow::error::ContextError>(&mut &*vector.bytes)"
---
Err(
    Backtrack(
        ContextError {
            context: [],
            cause: Some(
                Io(
                    Error {
                        kind: UnexpectedEof,
                        message: "failed to fill whole buffer",
                    },
                ),
            ),
        },
    ),
)
